2025-05-06 14:49:36,818 - info - info - [94mStarting server on port 3000...[0m
2025-05-06 14:49:43,551 - info - info - [94mGET /api/v1/public - 200 - 0.00 ms[0m
2025-05-06 14:49:46,431 - info - info - [94mGET /api/v1/public - 200 - 0.00 ms[0m
2025-05-06 14:57:00,020 - info - info - [94mStarting server on port 3000...[0m
2025-05-06 14:57:17,472 - error - error - [91mPOST /api/v1/public - 201 - 0.01 ms[0m
2025-05-06 15:06:33,725 - info - info - [94mStarting server on port 3000...[0m
2025-05-06 15:06:50,134 - error - error - [91mPOST /api/v1/public - 201 - 0.00 ms[0m
2025-05-06 15:07:14,036 - info - info - [94mStarting server on port 3000...[0m
2025-05-06 15:08:54,124 - info - info - [94mStarting server on port 3000...[0m
2025-05-06 15:09:14,783 - info - info - [94mStarting server on port 3000...[0m
2025-05-06 15:09:23,996 - info - info - [94mStarting server on port 3000...[0m
2025-05-06 15:09:31,756 - info - info - [94mStarting server on port 3000...[0m
2025-05-06 15:09:43,411 - info - info - [94mGET /api/v1/user - 200 - 0.00 ms[0m
2025-05-06 15:10:18,902 - info - info - [94mStarting server on port 3000...[0m
2025-05-06 15:10:26,458 - info - info - [94mStarting server on port 3000...[0m
2025-05-06 15:10:44,866 - info - info - [94mStarting server on port 3000...[0m
2025-05-06 15:10:48,279 - info - info - [94mStarting server on port 3000...[0m
2025-05-06 15:11:05,868 - info - info - [94mStarting server on port 3000...[0m
2025-05-06 15:11:07,922 - info - info - [94mStarting server on port 3000...[0m
2025-05-06 15:11:56,058 - info - info - [94mStarting server on port 3000...[0m
2025-05-06 15:12:01,059 - info - info - [94mStarting server on port 3000...[0m
2025-05-06 15:16:36,928 - info - info - [94mStarting server on port 3000...[0m
2025-05-06 15:16:49,272 - info - info - [94mStarting server on port 3000...[0m
2025-05-06 15:16:54,929 - info - info - [94mStarting server on port 3000...[0m
2025-05-06 15:17:04,180 - info - info - [94mStarting server on port 3000...[0m
2025-05-06 15:17:20,361 - info - info - [94mStarting server on port 3000...[0m
2025-05-06 15:17:24,357 - info - info - [94mStarting server on port 3000...[0m
2025-05-06 15:17:33,389 - info - info - [94mPOST /api/v1/upload - 200 - 0.53 ms[0m
2025-05-06 15:18:30,562 - info - info - [94mStarting server on port 3000...[0m
2025-05-06 15:18:41,658 - info - info - [94mPOST /api/v1/upload - 200 - 0.43 ms[0m
2025-05-06 15:19:10,911 - info - info - [94mStarting server on port 3000...[0m
2025-05-06 15:25:58,720 - info - info - [94mStarting server on port 3000...[0m
2025-05-06 15:26:00,428 - info - info - [94mStarting server on port 3000...[0m
2025-05-06 15:27:37,984 - info - info - [94mStarting server on port 3000...[0m
2025-05-06 15:27:38,654 - info - info - [94mStarting server on port 3000...[0m
2025-05-06 15:28:54,647 - info - info - [94mStarting server on port 3000...[0m
2025-05-06 15:29:09,207 - info - info - [94mStarting server on port 3000...[0m
2025-05-06 15:30:46,985 - info - info - [94mGET / - 200 - 0.05 ms[0m
2025-05-06 15:30:51,036 - info - info - [94mGET /api/v1/public - 200 - 0.00 ms[0m
2025-05-06 15:31:03,794 - error - error - [91mPOST /api/v1/upload - 401 - 0.02 ms[0m
2025-05-06 15:31:07,928 - error - error - [91mPOST /api/v1/upload - 401 - 0.01 ms[0m
2025-05-06 15:32:09,636 - info - info - [94mStarting server on port 3000...[0m
2025-05-06 15:32:21,433 - info - info - [94mStarting server on port 3000...[0m
2025-05-06 15:32:30,577 - error - error - [91mPOST /api/v1/upload - 401 - 0.03 ms[0m
2025-05-06 15:33:07,340 - error - error - [91mPOST /api/v1/upload - 400 - 0.05 ms[0m
2025-05-06 15:33:25,746 - info - info - [94mPOST /api/v1/upload - 200 - 0.84 ms[0m
2025-05-06 15:35:52,258 - info - info - [94mStarting server on port 3000...[0m
2025-05-06 15:39:44,404 - info - info - [94mStarting server on port 3000...[0m
2025-05-06 15:39:55,770 - info - info - [94mStarting server on port 3000...[0m
2025-05-06 15:41:34,693 - info - info - [94mStarting server on port 3000...[0m
2025-05-06 15:42:31,961 - info - info - [94mPOST /api/v1/upload - 200 - 1.22 ms[0m
2025-05-06 15:42:40,072 - error - error - [91mPOST /api/v1/upload - 401 - 0.01 ms[0m
2025-05-06 15:42:49,286 - info - info - [94mPOST /api/v1/upload - 200 - 0.87 ms[0m
2025-05-06 15:45:41,201 - info - info - [94mGET / - 200 - 0.01 ms[0m
2025-05-07 10:19:26,472 - info - info - [94mStarting server on port 3000...[0m
2025-05-07 10:19:34,307 - info - info - [94mGET /api/v1/docta/ - 200 - 0.03 ms[0m
2025-05-07 10:19:34,332 - info - info - [94mGET /favicon.ico - 200 - 0.01 ms[0m
2025-05-07 10:19:41,388 - info - info - [94mGET /swagger/doc.json - 200 - 0.00 ms[0m
2025-05-07 10:19:45,561 - info - info - [94mGET /swagger/doc.json - 200 - 0.00 ms[0m
2025-05-07 10:19:57,830 - info - info - [94mStarting server on port 3000...[0m
2025-05-07 10:20:07,401 - info - info - [94mStarting server on port 3000...[0m
2025-05-07 10:20:08,937 - info - info - [94mStarting server on port 3000...[0m
2025-05-07 10:20:10,026 - info - info - [94mStarting server on port 3000...[0m
2025-05-07 10:20:11,087 - info - info - [94mStarting server on port 3000...[0m
2025-05-07 10:21:23,918 - info - info - [94mStarting server on port 3000...[0m
2025-05-07 10:23:00,470 - info - info - [94mStarting server on port 3000...[0m
2025-05-07 10:23:12,050 - info - info - [94mStarting server on port 3000...[0m
2025-05-07 10:23:18,290 - info - info - [94mStarting server on port 3000...[0m
2025-05-11 12:07:47,455 - info - info - [94mStarting server on port 3000...[0m
2025-05-11 12:12:13,099 - info - info - [94mStarting server on port 3000...[0m
2025-05-11 12:13:29,516 - info - info - [94mGET / - 200 - 0.09 ms[0m
2025-05-11 12:16:00,877 - info - info - [94mStarting server on port 3000...[0m
2025-05-11 12:16:46,471 - info - info - [94mStarting server on port 3000...[0m
2025-05-11 12:16:50,679 - info - info - [94mGET / - 200 - 0.06 ms[0m
2025-05-11 12:16:52,274 - info - info - [94mGET / - 200 - 0.02 ms[0m
2025-05-11 12:16:53,240 - info - info - [94mGET / - 200 - 0.03 ms[0m
2025-05-11 12:18:33,749 - info - info - [94mStarting server on port 3000...[0m
2025-05-11 12:18:37,087 - info - info - [94mStarting server on port 3000...[0m
2025-05-11 12:18:41,044 - error - error - [91mGET / - 404 - 0.28 ms[0m
2025-05-11 12:18:42,139 - error - error - [91mGET / - 404 - 0.12 ms[0m
2025-05-11 12:18:42,571 - error - error - [91mGET / - 404 - 0.04 ms[0m
2025-05-11 12:18:44,041 - error - error - [91mGET / - 404 - 0.06 ms[0m
2025-05-11 12:19:01,934 - info - info - [94mStarting server on port 3000...[0m
2025-05-11 12:19:05,251 - info - info - [94mStarting server on port 3000...[0m
2025-05-11 12:22:16,599 - info - info - [94mStarting server on port 3000...[0m
2025-05-11 12:24:31,924 - info - info - [94mStarting server on port 3000...[0m
2025-05-11 12:24:59,260 - info - info - [94mStarting server on port 3000...[0m
2025-05-11 12:25:47,296 - error - error - [91mGET / - 404 - 0.28 ms[0m
2025-05-11 12:25:48,289 - error - error - [91mGET / - 404 - 0.03 ms[0m
2025-05-11 12:25:49,776 - error - error - [91mGET / - 404 - 0.02 ms[0m
2025-05-11 12:25:50,105 - error - error - [91mGET / - 404 - 0.01 ms[0m
2025-05-11 12:26:05,207 - error - error - [91mGET / - 404 - 0.02 ms[0m
2025-05-11 12:26:42,632 - error - error - [91mGET /me - 404 - 0.01 ms[0m
2025-05-11 12:26:43,302 - error - error - [91mGET /me - 404 - 0.02 ms[0m
2025-05-11 12:26:45,444 - error - error - [91mGET /me - 404 - 0.01 ms[0m
2025-05-11 12:27:05,943 - info - info - [94mStarting server on port 3000...[0m
2025-05-11 12:27:05,953 - error - error - [91mGET /me - 404 - 0.20 ms[0m
2025-05-11 12:27:06,650 - error - error - [91mGET /me - 404 - 0.04 ms[0m
2025-05-11 12:27:24,142 - info - info - [94mStarting server on port 3000...[0m
2025-05-11 12:27:25,653 - error - error - [91mGET /me - 404 - 0.30 ms[0m
2025-05-11 12:27:27,185 - error - error - [91mGET /me - 404 - 0.05 ms[0m
2025-05-11 12:27:27,994 - error - error - [91mGET /me - 404 - 0.03 ms[0m
2025-05-11 12:27:34,696 - info - info - [94mStarting server on port 3000...[0m
2025-05-11 12:27:34,970 - error - error - [91mGET /me - 404 - 0.17 ms[0m
2025-05-11 12:27:36,012 - error - error - [91mGET /me - 404 - 0.05 ms[0m
2025-05-11 12:27:52,025 - info - info - [94mStarting server on port 3000...[0m
2025-05-11 12:28:05,328 - info - info - [94mStarting server on port 3000...[0m
2025-05-11 12:28:06,344 - error - error - [91mGET /me - 404 - 0.57 ms[0m
2025-05-11 12:28:07,506 - error - error - [91mGET /me - 404 - 0.06 ms[0m
2025-05-11 12:28:18,121 - info - info - [94mStarting server on port 3000...[0m
2025-05-11 12:28:27,033 - info - info - [94mStarting server on port 3000...[0m
2025-05-11 12:28:27,540 - error - error - [91mGET /me - 404 - 0.74 ms[0m
2025-05-11 12:28:28,274 - error - error - [91mGET /me - 404 - 0.03 ms[0m
2025-05-11 12:28:28,845 - error - error - [91mGET /me - 404 - 0.13 ms[0m
2025-05-11 12:28:29,176 - error - error - [91mGET /me - 404 - 0.05 ms[0m
2025-05-11 12:28:56,202 - info - info - [94mStarting server on port 3000...[0m
2025-05-11 12:28:58,358 - error - error - [91mGET /me - 404 - 0.34 ms[0m
2025-05-11 12:29:12,144 - info - info - [94mStarting server on port 3000...[0m
2025-05-11 12:29:20,942 - info - info - [94mStarting server on port 3000...[0m
2025-05-11 12:29:22,579 - error - error - [91mGET /me - 404 - 0.45 ms[0m
2025-05-11 12:29:23,752 - error - error - [91mGET /me - 404 - 0.04 ms[0m
2025-05-11 12:30:06,699 - info - info - [94mStarting server on port 3000...[0m
2025-05-11 12:30:26,838 - error - error - [91mGET /me - 404 - 0.47 ms[0m
2025-05-11 12:30:27,631 - error - error - [91mGET /me - 404 - 0.03 ms[0m
2025-05-11 12:30:40,579 - info - info - [94mStarting server on port 3000...[0m
2025-05-11 12:30:41,578 - error - error - [91mGET /me - 404 - 0.49 ms[0m
